2025-07-22 18:40:56.042 [info] [main] Log level: Info
2025-07-22 18:40:56.042 [info] [main] Validating found git in: "git"
2025-07-22 18:40:56.042 [info] [main] Using git "2.50.1" from "git"
2025-07-22 18:40:56.042 [info] [Model][doInitialScan] Initial repository scan started
2025-07-22 18:40:56.042 [info] > git rev-parse --show-toplevel [45ms]
2025-07-22 18:40:56.042 [info] > git rev-parse --git-dir --git-common-dir [13ms]
2025-07-22 18:40:56.042 [info] [Model][openRepository] Opened repository (path): /home/moaad/my-app
2025-07-22 18:40:56.042 [info] [Model][openRepository] Opened repository (real path): /home/moaad/my-app
2025-07-22 18:40:56.042 [info] > git rev-parse --show-toplevel [47ms]
2025-07-22 18:40:56.042 [info] > git config --get commit.template [64ms]
2025-07-22 18:40:56.083 [info] [Git][getRemotes] No remotes found in the git config file
2025-07-22 18:40:56.092 [info] > git rev-parse --show-toplevel [30ms]
2025-07-22 18:40:56.713 [info] > git for-each-ref --format=%(refname)%00%(upstream:short)%00%(objectname)%00%(upstream:track)%00%(upstream:remotename)%00%(upstream:remoteref) refs/heads/main refs/remotes/main [631ms]
2025-07-22 18:40:57.006 [info] > git status -z -uall [262ms]
2025-07-22 18:40:57.007 [info] > git check-ignore -v -z --stdin [223ms]
2025-07-22 18:40:57.012 [info] > git for-each-ref --sort -committerdate --format %(refname)%00%(objectname)%00%(*objectname) [249ms]
2025-07-22 18:40:57.065 [info] > git rev-parse --show-toplevel [396ms]
2025-07-22 18:40:57.155 [info] > git for-each-ref --format=%(refname)%00%(upstream:short)%00%(objectname)%00%(upstream:track)%00%(upstream:remotename)%00%(upstream:remoteref) refs/heads/main refs/remotes/main [91ms]
2025-07-22 18:40:57.199 [info] > git config --get --local branch.main.vscode-merge-base [33ms]
2025-07-22 18:40:57.199 [warning] [Git][config] git config failed: Failed to execute git
2025-07-22 18:40:57.219 [info] > git rev-parse --show-toplevel [75ms]
2025-07-22 18:40:57.220 [info] [Model][doInitialScan] Initial repository scan completed - repositories (1), closed repositories (0), parent repositories (0), unsafe repositories (0)
2025-07-22 18:40:57.220 [info] > git config --get commit.template [93ms]
2025-07-22 18:40:57.423 [info] [Git][getRemotes] No remotes found in the git config file
2025-07-22 18:40:57.429 [info] > git show --textconv :src/app/page.js [29ms]
2025-07-22 18:40:57.431 [info] > git reflog main --grep-reflog=branch: Created from *. [212ms]
2025-07-22 18:40:57.439 [info] > git for-each-ref --format=%(refname)%00%(upstream:short)%00%(objectname)%00%(upstream:track)%00%(upstream:remotename)%00%(upstream:remoteref) refs/heads/main refs/remotes/main [16ms]
2025-07-22 18:40:57.462 [info] > git ls-files --stage -- src/app/page.js [48ms]
2025-07-22 18:40:57.485 [info] > git status -z -uall [39ms]
2025-07-22 18:40:57.485 [info] > git cat-file -s 03f4b461fceb531b3bcc5e9623fa9c704a9658c5 [7ms]
2025-07-22 18:40:57.488 [info] > git for-each-ref --sort -committerdate --format %(refname)%00%(objectname)%00%(*objectname) [26ms]
2025-07-22 18:40:57.615 [info] > git blame --root --incremental 76cbd3bbd6110bb2b7d67f74d95f8180b785e0cd -- src/app/page.js [5ms]
