2025-07-06 22:45:27.345 [info] Extension host with pid 2324 started
2025-07-06 22:45:27.383 [info] ExtensionService#_doActivateExtension vscode.configuration-editing, startup: false, activationEvent: 'onLanguage:jsonc'
2025-07-06 22:45:27.405 [info] ExtensionService#_doActivateExtension vscode.json-language-features, startup: false, activationEvent: 'onLanguage:jsonc'
2025-07-06 22:45:27.515 [info] ExtensionService#_doActivateExtension vscode.typescript-language-features, startup: false, activationEvent: 'onLanguage:jsonc'
2025-07-06 22:45:27.617 [info] ExtensionService#_doActivateExtension vscode.emmet, startup: false, activationEvent: 'onLanguage'
2025-07-06 22:45:28.022 [info] ExtensionService#_doActivateExtension vscode.git-base, startup: true, activationEvent: '*', root cause: vscode.git
2025-07-06 22:45:28.029 [info] ExtensionService#_doActivateExtension vscode.git, startup: true, activationEvent: '*'
2025-07-06 22:45:28.087 [info] ExtensionService#_doActivateExtension vscode.github, startup: true, activationEvent: '*'
2025-07-06 22:45:28.215 [info] Eager extensions activated
2025-07-06 22:45:28.217 [info] ExtensionService#_doActivateExtension vscode.debug-auto-launch, startup: false, activationEvent: 'onStartupFinished'
2025-07-06 22:45:28.222 [info] ExtensionService#_doActivateExtension vscode.merge-conflict, startup: false, activationEvent: 'onStartupFinished'
2025-07-06 22:45:28.243 [info] ExtensionService#_doActivateExtension vscodevim.vim, startup: false, activationEvent: 'onStartupFinished'
2025-07-06 22:45:29.457 [error] Error: ENOENT: no such file or directory, open '/home/moaad/.config/Code - OSS/User/globalStorage/vscodevim.vim/.registers'
2025-07-06 22:46:29.437 [info] ExtensionService#_doActivateExtension t3dotgg.vsc-material-theme-but-i-wont-sue-you, startup: false, activationEvent: 'onStartupFinished'
2025-07-06 22:47:15.011 [info] Extension host terminating: renderer closed the MessagePort
2025-07-06 22:47:15.037 [info] Extension host with pid 2324 exiting with code 0
2025-07-06 22:47:17.072 [info] Extension host with pid 2512 started
2025-07-06 22:47:17.072 [info] Skipping acquiring lock for /home/moaad/.config/Code - OSS/User/workspaceStorage/c1004f3dfccd66e9509e7a9f2893764c.
2025-07-06 22:47:17.132 [info] ExtensionService#_doActivateExtension vscode.configuration-editing, startup: false, activationEvent: 'onLanguage:jsonc'
2025-07-06 22:47:17.155 [info] ExtensionService#_doActivateExtension vscode.json-language-features, startup: false, activationEvent: 'onLanguage:jsonc'
2025-07-06 22:47:17.269 [info] ExtensionService#_doActivateExtension vscode.typescript-language-features, startup: false, activationEvent: 'onLanguage:jsonc'
2025-07-06 22:47:17.376 [info] ExtensionService#_doActivateExtension vscode.emmet, startup: false, activationEvent: 'onLanguage'
2025-07-06 22:47:17.595 [info] ExtensionService#_doActivateExtension vscode.html-language-features, startup: false, activationEvent: 'onLanguage:html'
2025-07-06 22:47:17.836 [info] ExtensionService#_doActivateExtension vscode.git-base, startup: true, activationEvent: '*', root cause: vscode.git
2025-07-06 22:47:17.850 [info] ExtensionService#_doActivateExtension vscode.git, startup: true, activationEvent: '*'
2025-07-06 22:47:17.936 [info] ExtensionService#_doActivateExtension vscode.github, startup: true, activationEvent: '*'
2025-07-06 22:47:18.111 [info] Eager extensions activated
2025-07-06 22:47:18.113 [info] ExtensionService#_doActivateExtension vscode.debug-auto-launch, startup: false, activationEvent: 'onStartupFinished'
2025-07-06 22:47:18.116 [info] ExtensionService#_doActivateExtension vscode.merge-conflict, startup: false, activationEvent: 'onStartupFinished'
2025-07-06 22:47:18.142 [info] ExtensionService#_doActivateExtension t3dotgg.vsc-material-theme-but-i-wont-sue-you, startup: false, activationEvent: 'onStartupFinished'
2025-07-06 22:47:18.146 [info] ExtensionService#_doActivateExtension vscodevim.vim, startup: false, activationEvent: 'onStartupFinished'
2025-07-06 22:56:28.408 [info] Extension host terminating: renderer closed the MessagePort
2025-07-06 22:56:28.443 [info] Extension host with pid 2512 exiting with code 0
