2025-07-25 17:40:11.769 [info] [main] Log level: Info
2025-07-25 17:40:11.769 [info] [main] Validating found git in: "git"
2025-07-25 17:40:11.769 [info] [main] Using git "2.50.1" from "git"
2025-07-25 17:40:11.769 [info] [Model][doInitialScan] Initial repository scan started
2025-07-25 17:40:11.769 [info] > git rev-parse --show-toplevel [28ms]
2025-07-25 17:40:11.769 [info] > git rev-parse --git-dir --git-common-dir [7ms]
2025-07-25 17:40:11.769 [info] [Model][openRepository] Opened repository (path): /home/moaad/my-app
2025-07-25 17:40:11.769 [info] [Model][openRepository] Opened repository (real path): /home/moaad/my-app
2025-07-25 17:40:11.769 [info] > git rev-parse --show-toplevel [15ms]
2025-07-25 17:40:11.769 [info] > git config --get commit.template [37ms]
2025-07-25 17:40:11.769 [info] [Git][getRemotes] No remotes found in the git config file
2025-07-25 17:40:11.769 [info] > git rev-parse --show-toplevel [33ms]
2025-07-25 17:40:11.777 [info] > git for-each-ref --format=%(refname)%00%(upstream:short)%00%(objectname)%00%(upstream:track)%00%(upstream:remotename)%00%(upstream:remoteref) refs/heads/main refs/remotes/main [17ms]
2025-07-25 17:40:11.802 [info] > git status -z -uall [13ms]
2025-07-25 17:40:11.803 [info] > git rev-parse --show-toplevel [27ms]
2025-07-25 17:40:11.817 [info] > git for-each-ref --sort -committerdate --format %(refname)%00%(objectname)%00%(*objectname) [17ms]
2025-07-25 17:40:11.879 [info] > git for-each-ref --format=%(refname)%00%(upstream:short)%00%(objectname)%00%(upstream:track)%00%(upstream:remotename)%00%(upstream:remoteref) refs/heads/main refs/remotes/main [39ms]
2025-07-25 17:40:11.902 [info] > git rev-parse --show-toplevel [88ms]
2025-07-25 17:40:11.903 [info] [Model][doInitialScan] Initial repository scan completed - repositories (1), closed repositories (0), parent repositories (0), unsafe repositories (0)
2025-07-25 17:40:11.912 [info] > git config --get commit.template [38ms]
2025-07-25 17:40:13.028 [info] > git config --get --local branch.main.vscode-merge-base [1126ms]
2025-07-25 17:40:13.028 [warning] [Git][config] git config failed: Failed to execute git
2025-07-25 17:40:13.374 [info] [Git][getRemotes] No remotes found in the git config file
2025-07-25 17:40:13.376 [info] > git check-ignore -v -z --stdin [271ms]
2025-07-25 17:40:13.383 [info] > git reflog main --grep-reflog=branch: Created from *. [331ms]
2025-07-25 17:40:13.428 [info] > git for-each-ref --format=%(refname)%00%(upstream:short)%00%(objectname)%00%(upstream:track)%00%(upstream:remotename)%00%(upstream:remoteref) refs/heads/main refs/remotes/main [54ms]
2025-07-25 17:40:13.476 [info] > git status -z -uall [27ms]
2025-07-25 17:40:13.529 [info] > git for-each-ref --sort -committerdate --format %(refname)%00%(objectname)%00%(*objectname) [56ms]
2025-07-25 17:40:13.713 [info] > git show --textconv :src/app/page.js [22ms]
2025-07-25 17:40:13.713 [info] > git ls-files --stage -- src/app/page.js [8ms]
2025-07-25 17:40:13.730 [info] > git cat-file -s 03f4b461fceb531b3bcc5e9623fa9c704a9658c5 [7ms]
2025-07-25 17:40:13.855 [info] > git blame --root --incremental 76cbd3bbd6110bb2b7d67f74d95f8180b785e0cd -- src/app/page.js [8ms]
