2025-07-26 18:06:40.350 [info] [main] Log level: Info
2025-07-26 18:06:40.350 [info] [main] Validating found git in: "git"
2025-07-26 18:06:40.350 [info] [main] Using git "2.50.1" from "git"
2025-07-26 18:06:40.350 [info] [Model][doInitialScan] Initial repository scan started
2025-07-26 18:06:40.350 [info] > git rev-parse --show-toplevel [55ms]
2025-07-26 18:06:40.350 [info] > git rev-parse --git-dir --git-common-dir [2ms]
2025-07-26 18:06:40.350 [info] [Model][openRepository] Opened repository (path): /home/moaad/my-app
2025-07-26 18:06:40.350 [info] [Model][openRepository] Opened repository (real path): /home/moaad/my-app
2025-07-26 18:06:40.350 [info] > git rev-parse --show-toplevel [21ms]
2025-07-26 18:06:40.350 [info] > git config --get commit.template [47ms]
2025-07-26 18:06:40.350 [info] [Git][getRemotes] No remotes found in the git config file
2025-07-26 18:06:40.350 [info] > git for-each-ref --format=%(refname)%00%(upstream:short)%00%(objectname)%00%(upstream:track)%00%(upstream:remotename)%00%(upstream:remoteref) refs/heads/main refs/remotes/main [10ms]
2025-07-26 18:06:40.350 [info] > git rev-parse --show-toplevel [39ms]
2025-07-26 18:06:40.350 [info] > git status -z -uall [30ms]
2025-07-26 18:06:40.350 [info] > git for-each-ref --sort -committerdate --format %(refname)%00%(objectname)%00%(*objectname) [20ms]
2025-07-26 18:06:40.350 [info] > git for-each-ref --format=%(refname)%00%(upstream:short)%00%(objectname)%00%(upstream:track)%00%(upstream:remotename)%00%(upstream:remoteref) refs/heads/main refs/remotes/main [40ms]
2025-07-26 18:06:40.350 [info] > git rev-parse --show-toplevel [84ms]
2025-07-26 18:06:40.351 [info] > git config --get commit.template [20ms]
2025-07-26 18:06:40.351 [info] > git config --get --local branch.main.vscode-merge-base [32ms]
2025-07-26 18:06:40.351 [warning] [Git][config] git config failed: Failed to execute git
2025-07-26 18:06:40.417 [info] > git reflog main --grep-reflog=branch: Created from *. [43ms]
2025-07-26 18:06:40.419 [info] > git rev-parse --show-toplevel [69ms]
2025-07-26 18:06:40.420 [info] [Model][doInitialScan] Initial repository scan completed - repositories (1), closed repositories (0), parent repositories (0), unsafe repositories (0)
2025-07-26 18:06:40.792 [info] [Git][getRemotes] No remotes found in the git config file
2025-07-26 18:06:40.863 [info] > git check-ignore -v -z --stdin [49ms]
2025-07-26 18:06:40.865 [info] > git for-each-ref --format=%(refname)%00%(upstream:short)%00%(objectname)%00%(upstream:track)%00%(upstream:remotename)%00%(upstream:remoteref) refs/heads/main refs/remotes/main [73ms]
2025-07-26 18:06:40.909 [info] > git status -z -uall [33ms]
2025-07-26 18:06:40.920 [info] > git for-each-ref --sort -committerdate --format %(refname)%00%(objectname)%00%(*objectname) [27ms]
2025-07-26 18:06:41.223 [info] > git show --textconv :src/app/page.js [38ms]
2025-07-26 18:06:41.224 [info] > git ls-files --stage -- src/app/page.js [9ms]
2025-07-26 18:06:41.255 [info] > git cat-file -s 03f4b461fceb531b3bcc5e9623fa9c704a9658c5 [15ms]
2025-07-26 18:06:41.735 [info] > git blame --root --incremental 76cbd3bbd6110bb2b7d67f74d95f8180b785e0cd -- src/app/page.js [7ms]
2025-07-26 18:11:06.491 [info] > git show --textconv :src/app/page.js [5ms]
2025-07-26 18:11:06.492 [info] > git ls-files --stage -- src/app/page.js [2ms]
2025-07-26 18:11:06.498 [info] > git cat-file -s 03f4b461fceb531b3bcc5e9623fa9c704a9658c5 [1ms]
2025-07-26 18:46:11.423 [info] > git config --get commit.template [21ms]
2025-07-26 18:46:11.435 [info] [Git][getRemotes] No remotes found in the git config file
2025-07-26 18:46:11.435 [info] > git ls-files --stage -- src/app/page.js [13ms]
2025-07-26 18:46:11.440 [info] > git for-each-ref --format=%(refname)%00%(upstream:short)%00%(objectname)%00%(upstream:track)%00%(upstream:remotename)%00%(upstream:remoteref) refs/heads/main refs/remotes/main [5ms]
2025-07-26 18:46:11.453 [info] > git status -z -uall [7ms]
2025-07-26 18:46:11.453 [info] > git cat-file -s 03f4b461fceb531b3bcc5e9623fa9c704a9658c5 [13ms]
2025-07-26 18:46:11.454 [info] > git for-each-ref --sort -committerdate --format %(refname)%00%(objectname)%00%(*objectname) [2ms]
2025-07-26 18:46:11.464 [info] > git show --textconv :src/app/page.js [2ms]
