2025-08-06 16:06:53.617 [info] Extension host with pid 3703 started
2025-08-06 16:06:53.618 [info] Skipping acquiring lock for /home/moaad/.config/Code - OSS/User/workspaceStorage/c25d060bf1113343e8a28a8289980920.
2025-08-06 16:06:54.047 [info] ExtensionService#_doActivateExtension vscode.emmet, startup: false, activationEvent: 'onLanguage'
2025-08-06 16:06:54.098 [info] ExtensionService#_doActivateExtension vscode.typescript-language-features, startup: false, activationEvent: 'onLanguage:javascript'
2025-08-06 16:06:55.110 [info] ExtensionService#_doActivateExtension vscode.git-base, startup: true, activationEvent: '*', root cause: vscode.git
2025-08-06 16:06:55.129 [info] ExtensionService#_doActivateExtension vscode.npm, startup: true, activationEvent: 'workspaceContains:package.json'
2025-08-06 16:06:55.238 [info] ExtensionService#_doActivateExtension vscode.git, startup: true, activationEvent: '*'
2025-08-06 16:06:55.366 [info] ExtensionService#_doActivateExtension vscode.github, startup: true, activationEvent: '*'
2025-08-06 16:06:55.975 [info] Eager extensions activated
2025-08-06 16:06:56.527 [info] ExtensionService#_doActivateExtension vscode.debug-auto-launch, startup: false, activationEvent: 'onStartupFinished'
2025-08-06 16:06:56.544 [info] ExtensionService#_doActivateExtension vscode.merge-conflict, startup: false, activationEvent: 'onStartupFinished'
2025-08-06 16:06:56.686 [info] ExtensionService#_doActivateExtension t3dotgg.vsc-material-theme-but-i-wont-sue-you, startup: false, activationEvent: 'onStartupFinished'
2025-08-06 16:06:56.736 [info] ExtensionService#_doActivateExtension vscodevim.vim, startup: false, activationEvent: 'onStartupFinished'
2025-08-06 16:07:00.411 [info] ExtensionService#_doActivateExtension vscode.configuration-editing, startup: false, activationEvent: 'onLanguage:json'
2025-08-06 16:07:00.431 [info] ExtensionService#_doActivateExtension vscode.extension-editing, startup: false, activationEvent: 'onLanguage:json'
2025-08-06 16:07:00.472 [info] ExtensionService#_doActivateExtension vscode.json-language-features, startup: false, activationEvent: 'onLanguage:json'
2025-08-06 16:07:19.891 [info] Extension host terminating: renderer closed the MessagePort
2025-08-06 16:07:19.971 [info] Extension host with pid 3703 exiting with code 0
2025-08-06 16:07:22.288 [info] Extension host with pid 3850 started
2025-08-06 16:07:22.288 [info] Skipping acquiring lock for /home/moaad/.config/Code - OSS/User/workspaceStorage/90dd14bfccb6c53cde8edd10eefff3f8.
2025-08-06 16:07:22.322 [info] ExtensionService#_doActivateExtension vscode.emmet, startup: false, activationEvent: 'onLanguage'
2025-08-06 16:07:22.387 [info] ExtensionService#_doActivateExtension vscode.typescript-language-features, startup: false, activationEvent: 'onLanguage:javascript'
2025-08-06 16:07:23.060 [info] ExtensionService#_doActivateExtension vscode.git-base, startup: true, activationEvent: '*', root cause: vscode.git
2025-08-06 16:07:23.114 [info] ExtensionService#_doActivateExtension vscode.git, startup: true, activationEvent: '*'
2025-08-06 16:07:23.261 [info] ExtensionService#_doActivateExtension vscode.github, startup: true, activationEvent: '*'
2025-08-06 16:07:23.914 [info] Eager extensions activated
2025-08-06 16:07:23.956 [info] ExtensionService#_doActivateExtension vscode.debug-auto-launch, startup: false, activationEvent: 'onStartupFinished'
2025-08-06 16:07:23.972 [info] ExtensionService#_doActivateExtension vscode.merge-conflict, startup: false, activationEvent: 'onStartupFinished'
2025-08-06 16:07:24.145 [info] ExtensionService#_doActivateExtension t3dotgg.vsc-material-theme-but-i-wont-sue-you, startup: false, activationEvent: 'onStartupFinished'
2025-08-06 16:07:24.168 [info] ExtensionService#_doActivateExtension vscodevim.vim, startup: false, activationEvent: 'onStartupFinished'
2025-08-06 16:07:25.238 [info] ExtensionService#_doActivateExtension vscode.html-language-features, startup: false, activationEvent: 'onLanguage:html'
2025-08-06 16:19:21.545 [info] Extension host terminating: renderer closed the MessagePort
2025-08-06 16:19:21.604 [info] Extension host with pid 3850 exiting with code 0
