2025-08-06 16:06:56.038 [info] [main] Log level: Info
2025-08-06 16:06:56.038 [info] [main] Validating found git in: "git"
2025-08-06 16:06:56.038 [info] [main] Using git "2.50.1" from "git"
2025-08-06 16:06:56.038 [info] [Model][doInitialScan] Initial repository scan started
2025-08-06 16:06:56.038 [info] > git rev-parse --show-toplevel [41ms]
2025-08-06 16:06:56.038 [info] > git rev-parse --git-dir --git-common-dir [10ms]
2025-08-06 16:06:56.038 [info] [Model][openRepository] Opened repository (path): /home/moaad/my-app
2025-08-06 16:06:56.038 [info] [Model][openRepository] Opened repository (real path): /home/moaad/my-app
2025-08-06 16:06:56.038 [info] > git rev-parse --show-toplevel [22ms]
2025-08-06 16:06:56.038 [info] > git config --get commit.template [43ms]
2025-08-06 16:06:56.038 [info] [Git][getRemotes] No remotes found in the git config file
2025-08-06 16:06:56.038 [info] > git rev-parse --show-toplevel [76ms]
2025-08-06 16:06:56.038 [info] > git for-each-ref --format=%(refname)%00%(upstream:short)%00%(objectname)%00%(upstream:track)%00%(upstream:remotename)%00%(upstream:remoteref) refs/heads/main refs/remotes/main [59ms]
2025-08-06 16:06:56.038 [info] > git status -z -uall [38ms]
2025-08-06 16:06:56.039 [info] > git rev-parse --show-toplevel [8ms]
2025-08-06 16:06:56.041 [info] > git for-each-ref --sort -committerdate --format %(refname)%00%(objectname)%00%(*objectname) [25ms]
2025-08-06 16:06:56.144 [info] > git config --get commit.template [5ms]
2025-08-06 16:06:56.145 [info] > git rev-parse --show-toplevel [62ms]
2025-08-06 16:06:56.145 [info] [Model][doInitialScan] Initial repository scan completed - repositories (1), closed repositories (0), parent repositories (0), unsafe repositories (0)
2025-08-06 16:06:56.146 [info] > git for-each-ref --format=%(refname)%00%(upstream:short)%00%(objectname)%00%(upstream:track)%00%(upstream:remotename)%00%(upstream:remoteref) refs/heads/main refs/remotes/main [78ms]
2025-08-06 16:06:56.214 [info] > git config --get --local branch.main.vscode-merge-base [36ms]
2025-08-06 16:06:56.214 [warning] [Git][config] git config failed: Failed to execute git
2025-08-06 16:06:56.272 [info] [Git][getRemotes] No remotes found in the git config file
2025-08-06 16:06:56.281 [info] > git reflog main --grep-reflog=branch: Created from *. [37ms]
2025-08-06 16:06:56.293 [info] > git for-each-ref --format=%(refname)%00%(upstream:short)%00%(objectname)%00%(upstream:track)%00%(upstream:remotename)%00%(upstream:remoteref) refs/heads/main refs/remotes/main [21ms]
2025-08-06 16:06:56.412 [info] > git status -z -uall [80ms]
2025-08-06 16:06:56.412 [info] > git for-each-ref --sort -committerdate --format %(refname)%00%(objectname)%00%(*objectname) [42ms]
2025-08-06 16:06:56.463 [info] > git check-ignore -v -z --stdin [14ms]
2025-08-06 16:06:57.837 [info] > git check-ignore -v -z --stdin [208ms]
2025-08-06 16:06:58.328 [info] > git show --textconv :src/app/page.js [57ms]
2025-08-06 16:06:58.337 [info] > git ls-files --stage -- src/app/page.js [27ms]
2025-08-06 16:06:58.373 [info] > git cat-file -s 03f4b461fceb531b3bcc5e9623fa9c704a9658c5 [28ms]
2025-08-06 16:06:58.796 [info] > git blame --root --incremental 76cbd3bbd6110bb2b7d67f74d95f8180b785e0cd -- src/app/page.js [12ms]
2025-08-06 16:07:23.586 [info] [main] Log level: Info
2025-08-06 16:07:23.586 [info] [main] Validating found git in: "git"
2025-08-06 16:07:23.586 [info] [main] Using git "2.50.1" from "git"
2025-08-06 16:07:23.586 [info] [Model][doInitialScan] Initial repository scan started
2025-08-06 16:07:23.586 [info] > git rev-parse --show-toplevel [31ms]
2025-08-06 16:07:23.586 [info] fatal: not a git repository (or any parent up to mount point /)
Stopping at filesystem boundary (GIT_DISCOVERY_ACROSS_FILESYSTEM not set).
2025-08-06 16:07:23.592 [info] > git rev-parse --show-toplevel [12ms]
2025-08-06 16:07:23.592 [info] fatal: not a git repository (or any parent up to mount point /)
Stopping at filesystem boundary (GIT_DISCOVERY_ACROSS_FILESYSTEM not set).
2025-08-06 16:07:23.593 [info] [Model][doInitialScan] Initial repository scan completed - repositories (0), closed repositories (0), parent repositories (0), unsafe repositories (0)
2025-08-06 16:07:23.670 [info] > git rev-parse --show-toplevel [10ms]
2025-08-06 16:07:23.670 [info] fatal: not a git repository (or any parent up to mount point /)
Stopping at filesystem boundary (GIT_DISCOVERY_ACROSS_FILESYSTEM not set).
2025-08-06 16:07:25.015 [info] > git rev-parse --show-toplevel [10ms]
2025-08-06 16:07:25.015 [info] fatal: not a git repository (or any parent up to mount point /)
Stopping at filesystem boundary (GIT_DISCOVERY_ACROSS_FILESYSTEM not set).
2025-08-06 16:07:25.088 [info] > git rev-parse --show-toplevel [56ms]
2025-08-06 16:07:25.088 [info] fatal: not a git repository (or any parent up to mount point /)
Stopping at filesystem boundary (GIT_DISCOVERY_ACROSS_FILESYSTEM not set).
2025-08-06 16:09:43.826 [info] > git rev-parse --show-toplevel [10ms]
2025-08-06 16:09:43.826 [info] fatal: not a git repository (or any parent up to mount point /)
Stopping at filesystem boundary (GIT_DISCOVERY_ACROSS_FILESYSTEM not set).
2025-08-06 16:15:33.836 [info] > git rev-parse --show-toplevel [10ms]
2025-08-06 16:15:33.837 [info] fatal: not a git repository (or any parent up to mount point /)
Stopping at filesystem boundary (GIT_DISCOVERY_ACROSS_FILESYSTEM not set).
2025-08-06 16:15:34.414 [info] > git rev-parse --show-toplevel [5ms]
2025-08-06 16:15:34.414 [info] fatal: not a git repository (or any parent up to mount point /)
Stopping at filesystem boundary (GIT_DISCOVERY_ACROSS_FILESYSTEM not set).
2025-08-06 16:15:35.270 [info] > git rev-parse --show-toplevel [6ms]
2025-08-06 16:15:35.270 [info] fatal: not a git repository (or any parent up to mount point /)
Stopping at filesystem boundary (GIT_DISCOVERY_ACROSS_FILESYSTEM not set).
2025-08-06 16:15:41.356 [info] > git rev-parse --show-toplevel [2ms]
2025-08-06 16:15:41.356 [info] fatal: not a git repository (or any parent up to mount point /)
Stopping at filesystem boundary (GIT_DISCOVERY_ACROSS_FILESYSTEM not set).
2025-08-06 16:16:14.807 [info] > git rev-parse --show-toplevel [2ms]
2025-08-06 16:16:14.807 [info] fatal: not a git repository (or any parent up to mount point /)
Stopping at filesystem boundary (GIT_DISCOVERY_ACROSS_FILESYSTEM not set).
