2025-07-31 16:12:02.227 [info] [main] Log level: Info
2025-07-31 16:12:02.227 [info] [main] Validating found git in: "git"
2025-07-31 16:12:02.227 [info] [main] Using git "2.50.1" from "git"
2025-07-31 16:12:02.227 [info] [Model][doInitialScan] Initial repository scan started
2025-07-31 16:12:02.227 [info] > git rev-parse --show-toplevel [9ms]
2025-07-31 16:12:02.227 [info] > git rev-parse --git-dir --git-common-dir [2ms]
2025-07-31 16:12:02.227 [info] [Model][openRepository] Opened repository (path): /home/moaad/my-app
2025-07-31 16:12:02.227 [info] [Model][openRepository] Opened repository (real path): /home/moaad/my-app
2025-07-31 16:12:02.227 [info] > git rev-parse --show-toplevel [18ms]
2025-07-31 16:12:02.227 [info] > git config --get commit.template [40ms]
2025-07-31 16:12:02.227 [info] [Git][getRemotes] No remotes found in the git config file
2025-07-31 16:12:02.227 [info] > git rev-parse --show-toplevel [81ms]
2025-07-31 16:12:02.227 [info] > git for-each-ref --format=%(refname)%00%(upstream:short)%00%(objectname)%00%(upstream:track)%00%(upstream:remotename)%00%(upstream:remoteref) refs/heads/main refs/remotes/main [31ms]
2025-07-31 16:12:02.227 [info] > git status -z -uall [46ms]
2025-07-31 16:12:02.227 [info] > git for-each-ref --sort -committerdate --format %(refname)%00%(objectname)%00%(*objectname) [31ms]
2025-07-31 16:12:02.227 [info] > git rev-parse --show-toplevel [148ms]
2025-07-31 16:12:02.227 [info] > git for-each-ref --format=%(refname)%00%(upstream:short)%00%(objectname)%00%(upstream:track)%00%(upstream:remotename)%00%(upstream:remoteref) refs/heads/main refs/remotes/main [128ms]
2025-07-31 16:12:02.227 [info] > git config --get --local branch.main.vscode-merge-base [102ms]
2025-07-31 16:12:02.227 [warning] [Git][config] git config failed: Failed to execute git
2025-07-31 16:12:02.227 [info] > git rev-parse --show-toplevel [246ms]
2025-07-31 16:12:02.227 [info] [Model][doInitialScan] Initial repository scan completed - repositories (1), closed repositories (0), parent repositories (0), unsafe repositories (0)
2025-07-31 16:12:02.228 [info] > git reflog main --grep-reflog=branch: Created from *. [704ms]
2025-07-31 16:12:02.234 [info] > git config --get commit.template [747ms]
2025-07-31 16:12:02.380 [info] > git check-ignore -v -z --stdin [118ms]
2025-07-31 16:12:02.411 [info] [Git][getRemotes] No remotes found in the git config file
2025-07-31 16:12:02.418 [info] > git for-each-ref --format=%(refname)%00%(upstream:short)%00%(objectname)%00%(upstream:track)%00%(upstream:remotename)%00%(upstream:remoteref) refs/heads/main refs/remotes/main [8ms]
2025-07-31 16:12:02.571 [info] > git status -z -uall [131ms]
2025-07-31 16:12:02.573 [info] > git for-each-ref --sort -committerdate --format %(refname)%00%(objectname)%00%(*objectname) [102ms]
2025-07-31 16:12:03.569 [info] > git show --textconv :src/app/page.js [18ms]
2025-07-31 16:12:03.576 [info] > git ls-files --stage -- src/app/page.js [11ms]
2025-07-31 16:12:03.592 [info] > git cat-file -s 03f4b461fceb531b3bcc5e9623fa9c704a9658c5 [7ms]
2025-07-31 16:12:03.699 [info] > git blame --root --incremental 76cbd3bbd6110bb2b7d67f74d95f8180b785e0cd -- src/app/page.js [12ms]
2025-07-31 16:12:13.838 [info] [Git][getRemotes] No remotes found in the git config file
2025-07-31 16:12:13.838 [info] > git config --get commit.template [6ms]
2025-07-31 16:12:13.839 [info] > git for-each-ref --format=%(refname)%00%(upstream:short)%00%(objectname)%00%(upstream:track)%00%(upstream:remotename)%00%(upstream:remoteref) refs/heads/main refs/remotes/main [1ms]
2025-07-31 16:12:13.851 [info] > git status -z -uall [8ms]
2025-07-31 16:12:13.852 [info] > git for-each-ref --sort -committerdate --format %(refname)%00%(objectname)%00%(*objectname) [2ms]
2025-07-31 16:12:18.865 [info] [Git][getRemotes] No remotes found in the git config file
2025-07-31 16:12:18.866 [info] > git config --get commit.template [5ms]
2025-07-31 16:12:18.866 [info] > git for-each-ref --format=%(refname)%00%(upstream:short)%00%(objectname)%00%(upstream:track)%00%(upstream:remotename)%00%(upstream:remoteref) refs/heads/main refs/remotes/main [1ms]
2025-07-31 16:12:18.878 [info] > git status -z -uall [7ms]
2025-07-31 16:12:18.879 [info] > git for-each-ref --sort -committerdate --format %(refname)%00%(objectname)%00%(*objectname) [2ms]
2025-07-31 16:12:23.892 [info] [Git][getRemotes] No remotes found in the git config file
2025-07-31 16:12:23.893 [info] > git config --get commit.template [5ms]
2025-07-31 16:12:23.893 [info] > git for-each-ref --format=%(refname)%00%(upstream:short)%00%(objectname)%00%(upstream:track)%00%(upstream:remotename)%00%(upstream:remoteref) refs/heads/main refs/remotes/main [1ms]
2025-07-31 16:12:23.904 [info] > git status -z -uall [6ms]
2025-07-31 16:12:23.905 [info] > git for-each-ref --sort -committerdate --format %(refname)%00%(objectname)%00%(*objectname) [1ms]
2025-07-31 16:13:37.338 [info] [Git][getRemotes] No remotes found in the git config file
2025-07-31 16:13:37.341 [info] > git for-each-ref --format=%(refname)%00%(upstream:short)%00%(objectname)%00%(upstream:track)%00%(upstream:remotename)%00%(upstream:remoteref) refs/heads/main refs/remotes/main [6ms]
2025-07-31 16:13:37.341 [info] > git config --get commit.template [18ms]
2025-07-31 16:13:37.359 [info] > git status -z -uall [13ms]
2025-07-31 16:13:37.360 [info] > git for-each-ref --sort -committerdate --format %(refname)%00%(objectname)%00%(*objectname) [2ms]
2025-07-31 16:13:46.154 [info] > git config --get commit.template [1ms]
2025-07-31 16:13:46.161 [info] [Git][getRemotes] No remotes found in the git config file
2025-07-31 16:13:46.162 [info] > git for-each-ref --format=%(refname)%00%(upstream:short)%00%(objectname)%00%(upstream:track)%00%(upstream:remotename)%00%(upstream:remoteref) refs/heads/main refs/remotes/main [1ms]
2025-07-31 16:13:46.173 [info] > git status -z -uall [6ms]
2025-07-31 16:13:46.174 [info] > git for-each-ref --sort -committerdate --format %(refname)%00%(objectname)%00%(*objectname) [1ms]
2025-07-31 16:13:53.940 [info] [Git][getRemotes] No remotes found in the git config file
2025-07-31 16:13:53.940 [info] > git config --get commit.template [5ms]
2025-07-31 16:13:53.941 [info] > git for-each-ref --format=%(refname)%00%(upstream:short)%00%(objectname)%00%(upstream:track)%00%(upstream:remotename)%00%(upstream:remoteref) refs/heads/main refs/remotes/main [1ms]
2025-07-31 16:13:53.954 [info] > git status -z -uall [7ms]
2025-07-31 16:13:53.955 [info] > git for-each-ref --sort -committerdate --format %(refname)%00%(objectname)%00%(*objectname) [1ms]
2025-07-31 16:17:56.830 [info] > git config --get commit.template [2ms]
2025-07-31 16:17:56.842 [info] [Git][getRemotes] No remotes found in the git config file
2025-07-31 16:17:56.844 [info] > git for-each-ref --format=%(refname)%00%(upstream:short)%00%(objectname)%00%(upstream:track)%00%(upstream:remotename)%00%(upstream:remoteref) refs/heads/main refs/remotes/main [3ms]
2025-07-31 16:17:56.875 [info] > git status -z -uall [15ms]
2025-07-31 16:17:56.875 [info] > git for-each-ref --sort -committerdate --format %(refname)%00%(objectname)%00%(*objectname) [3ms]
