2025-07-06 22:55:44.955 [info] [main] Log level: Info
2025-07-06 22:55:44.955 [info] [main] Validating found git in: "git"
2025-07-06 22:55:44.955 [info] [main] Using git "2.50.0" from "git"
2025-07-06 22:55:44.955 [info] [Model][doInitialScan] Initial repository scan started
2025-07-06 22:55:44.955 [info] > git rev-parse --show-toplevel [3ms]
2025-07-06 22:55:44.955 [info] fatal: not a git repository (or any parent up to mount point /)
Stopping at filesystem boundary (GIT_DISCOVERY_ACROSS_FILESYSTEM not set).
2025-07-06 22:55:44.955 [info] [Model][doInitialScan] Initial repository scan completed - repositories (0), closed repositories (0), parent repositories (0), unsafe repositories (0)
2025-07-06 22:55:45.363 [info] > git rev-parse --show-toplevel [2ms]
2025-07-06 22:55:45.363 [info] fatal: not a git repository (or any parent up to mount point /)
Stopping at filesystem boundary (GIT_DISCOVERY_ACROSS_FILESYSTEM not set).
2025-07-06 22:56:46.019 [info] > git rev-parse --show-toplevel [4ms]
2025-07-06 22:56:46.019 [info] fatal: not a git repository (or any parent up to mount point /)
Stopping at filesystem boundary (GIT_DISCOVERY_ACROSS_FILESYSTEM not set).
2025-07-06 23:03:39.516 [info] > git rev-parse --show-toplevel [18ms]
2025-07-06 23:03:39.516 [info] fatal: not a git repository (or any parent up to mount point /)
Stopping at filesystem boundary (GIT_DISCOVERY_ACROSS_FILESYSTEM not set).
2025-07-06 23:34:55.865 [info] > git rev-parse --show-toplevel [4ms]
2025-07-06 23:34:55.865 [info] fatal: not a git repository (or any parent up to mount point /)
Stopping at filesystem boundary (GIT_DISCOVERY_ACROSS_FILESYSTEM not set).
2025-07-06 23:34:56.593 [info] > git rev-parse --show-toplevel [3ms]
2025-07-06 23:34:56.593 [info] fatal: not a git repository (or any parent up to mount point /)
Stopping at filesystem boundary (GIT_DISCOVERY_ACROSS_FILESYSTEM not set).
