2025-07-07 23:32:09.049 [info] [main] Log level: Info
2025-07-07 23:32:09.049 [info] [main] Validating found git in: "git"
2025-07-07 23:32:09.049 [info] [main] Using git "2.50.0" from "git"
2025-07-07 23:32:09.049 [info] [Model][doInitialScan] Initial repository scan started
2025-07-07 23:32:09.049 [info] > git rev-parse --show-toplevel [3ms]
2025-07-07 23:32:09.049 [info] > git rev-parse --git-dir --git-common-dir [1ms]
2025-07-07 23:32:09.049 [info] [Model][openRepository] Opened repository (path): /home/moaad/my-app
2025-07-07 23:32:09.049 [info] [Model][openRepository] Opened repository (real path): /home/moaad/my-app
2025-07-07 23:32:09.049 [info] > git rev-parse --show-toplevel [5ms]
2025-07-07 23:32:09.049 [info] > git config --get commit.template [12ms]
2025-07-07 23:32:09.049 [info] [Git][getRemotes] No remotes found in the git config file
2025-07-07 23:32:09.049 [info] > git rev-parse --show-toplevel [13ms]
2025-07-07 23:32:09.049 [info] [Model][doInitialScan] Initial repository scan completed - repositories (1), closed repositories (0), parent repositories (0), unsafe repositories (0)
2025-07-07 23:32:09.049 [info] > git for-each-ref --format=%(refname)%00%(upstream:short)%00%(objectname)%00%(upstream:track)%00%(upstream:remotename)%00%(upstream:remoteref) refs/heads/main refs/remotes/main [6ms]
2025-07-07 23:32:09.049 [info] > git status -z -uall [20ms]
2025-07-07 23:32:09.049 [info] > git for-each-ref --sort -committerdate --format %(refname)%00%(objectname)%00%(*objectname) [15ms]
2025-07-07 23:32:09.053 [info] > git for-each-ref --format=%(refname)%00%(upstream:short)%00%(objectname)%00%(upstream:track)%00%(upstream:remotename)%00%(upstream:remoteref) refs/heads/main refs/remotes/main [7ms]
2025-07-07 23:32:09.214 [info] > git config --get --local branch.main.vscode-merge-base [155ms]
2025-07-07 23:32:09.214 [warning] [Git][config] git config failed: Failed to execute git
2025-07-07 23:32:09.219 [info] > git config --get commit.template [166ms]
2025-07-07 23:32:09.245 [info] > git reflog main --grep-reflog=branch: Created from *. [26ms]
2025-07-07 23:32:09.255 [info] [Git][getRemotes] No remotes found in the git config file
2025-07-07 23:32:09.262 [info] > git for-each-ref --format=%(refname)%00%(upstream:short)%00%(objectname)%00%(upstream:track)%00%(upstream:remotename)%00%(upstream:remoteref) refs/heads/main refs/remotes/main [7ms]
2025-07-07 23:32:09.282 [info] > git status -z -uall [15ms]
2025-07-07 23:32:09.283 [info] > git for-each-ref --sort -committerdate --format %(refname)%00%(objectname)%00%(*objectname) [8ms]
2025-07-07 23:32:09.491 [info] > git check-ignore -v -z --stdin [2ms]
2025-07-07 23:32:12.021 [info] > git check-ignore -v -z --stdin [3ms]
2025-07-07 23:32:27.034 [info] > git check-ignore -v -z --stdin [0ms]
2025-07-07 23:32:29.302 [info] > git check-ignore -v -z --stdin [3ms]
2025-07-07 23:32:33.381 [info] > git show --textconv :src/app/layout.js [9ms]
2025-07-07 23:32:33.384 [info] > git ls-files --stage -- src/app/layout.js [4ms]
2025-07-07 23:32:33.395 [info] > git cat-file -s 66c5e125e6b963c25f6a00ea6593fa7062ad3bc3 [2ms]
2025-07-07 23:32:34.655 [info] > git show --textconv :src/app/page.js [26ms]
2025-07-07 23:32:34.656 [info] > git ls-files --stage -- src/app/page.js [8ms]
2025-07-07 23:32:34.670 [info] > git cat-file -s 03f4b461fceb531b3bcc5e9623fa9c704a9658c5 [5ms]
2025-07-08 00:24:44.228 [info] > git show --textconv :src/app/page.js [8ms]
2025-07-08 00:24:44.231 [info] > git ls-files --stage -- src/app/page.js [4ms]
2025-07-08 00:24:44.237 [info] > git cat-file -s 03f4b461fceb531b3bcc5e9623fa9c704a9658c5 [1ms]
2025-07-08 00:26:07.185 [info] > git config --get commit.template [3ms]
2025-07-08 00:26:07.201 [info] [Git][getRemotes] No remotes found in the git config file
2025-07-08 00:26:07.206 [info] > git for-each-ref --format=%(refname)%00%(upstream:short)%00%(objectname)%00%(upstream:track)%00%(upstream:remotename)%00%(upstream:remoteref) refs/heads/main refs/remotes/main [6ms]
2025-07-08 00:26:07.236 [info] > git status -z -uall [15ms]
2025-07-08 00:26:07.238 [info] > git for-each-ref --sort -committerdate --format %(refname)%00%(objectname)%00%(*objectname) [2ms]
2025-07-08 00:27:21.271 [info] > git check-ignore -v -z --stdin [2ms]
2025-07-08 00:27:34.409 [info] > git blame --root --incremental 76cbd3bbd6110bb2b7d67f74d95f8180b785e0cd -- src/app/page.js [2ms]
2025-07-08 00:27:51.666 [info] [Git][getRemotes] No remotes found in the git config file
2025-07-08 00:27:51.670 [info] > git for-each-ref --format=%(refname)%00%(upstream:short)%00%(objectname)%00%(upstream:track)%00%(upstream:remotename)%00%(upstream:remoteref) refs/heads/main refs/remotes/main [5ms]
2025-07-08 00:27:51.670 [info] > git config --get commit.template [20ms]
2025-07-08 00:27:51.685 [info] > git status -z -uall [8ms]
2025-07-08 00:27:51.686 [info] > git for-each-ref --sort -committerdate --format %(refname)%00%(objectname)%00%(*objectname) [3ms]
2025-07-08 00:27:56.702 [info] [Git][getRemotes] No remotes found in the git config file
2025-07-08 00:27:56.702 [info] > git config --get commit.template [4ms]
2025-07-08 00:27:56.703 [info] > git for-each-ref --format=%(refname)%00%(upstream:short)%00%(objectname)%00%(upstream:track)%00%(upstream:remotename)%00%(upstream:remoteref) refs/heads/main refs/remotes/main [1ms]
2025-07-08 00:27:56.711 [info] > git status -z -uall [5ms]
2025-07-08 00:27:56.712 [info] > git for-each-ref --sort -committerdate --format %(refname)%00%(objectname)%00%(*objectname) [2ms]
